// Jest Snapshot v1, https://goo.gl/fbAQLP

exports[`EditMeetupPage should match snapshot 1`] = `
<DocumentFragment>
  <form
    action="#"
  >
    <section
      class="container"
    >
      <h1
        class="typography h1 heading"
      >
        editMeetupPage.title
      </h1>
      <div
        class="contentWrapper"
      >
        <div
          class="textSection main"
        >
          <div
            class="container"
          >
            <label
              class="inputLabel label"
              for="image"
            >
              formFields.meetup.image.label
            </label>
            <div
              class="preview large"
              data-testid="image-preview"
            >
              <figure
                class="image"
              >
                <img
                  alt="imagePreview.imgAlt"
                  src="http://localhost/test.jpg"
                />
              </figure>
              <button
                class="clearBtn"
                data-testid="clear-button"
                type="button"
              >
                <svg>
                  change-photo.svg
                </svg>
              </button>
            </div>
          </div>
          <div
            class="container"
          >
            <label
              class="inputLabel label"
              for="subject"
            >
              formFields.meetup.topic.label
            </label>
            <input
              class="input default"
              data-testid="text-input"
              id="subject"
              name="subject"
              type="text"
              value="Test meetup topic"
            />
          </div>
          <div
            class="dates"
          >
            <div
              class="container"
            >
              <label
                class="inputLabel label"
                for="start"
              >
                formFields.meetup.datetimeStart.label
              </label>
              <div
                class="react-datepicker-wrapper"
              >
                <div
                  class="react-datepicker__input-container"
                >
                  <span
                    aria-live="polite"
                    class="react-datepicker__aria-live"
                    role="alert"
                  />
                  <input
                    autocomplete="off"
                    class="input default"
                    id="start"
                    name="start"
                    placeholder="dateTimePicker.defaultPlaceholder"
                    type="text"
                    value="15 Mar 2023 14:00"
                  />
                </div>
              </div>
            </div>
            <div
              class="container"
            >
              <label
                class="inputLabel label"
                for="finish"
              >
                formFields.meetup.datetimeFinish.label
              </label>
              <div
                class="react-datepicker-wrapper"
              >
                <div
                  class="react-datepicker__input-container"
                >
                  <span
                    aria-live="polite"
                    class="react-datepicker__aria-live"
                    role="alert"
                  />
                  <input
                    autocomplete="off"
                    class="input default"
                    id="finish"
                    name="finish"
                    placeholder="dateTimePicker.defaultPlaceholder"
                    type="text"
                    value="15 Mar 2023 15:30"
                  />
                </div>
              </div>
            </div>
          </div>
          <div
            class="container"
          >
            <label
              class="inputLabel label"
              for="place"
            >
              formFields.meetup.location.label
            </label>
            <input
              class="input default"
              data-testid="text-input"
              id="place"
              name="place"
              type="text"
              value="room 123"
            />
          </div>
          <div
            class="container"
          >
            <label
              class="inputLabel label"
              for="speakers"
            >
              formFields.meetup.speakers.label
            </label>
            <div
              data-testid="select-field"
            >
              <div
                class=" css-b62m3t-container"
                id="speakers"
              >
                <span
                  class="css-1f43avz-a11yText-A11yText"
                  id="react-select-2-live-region"
                />
                <span
                  aria-atomic="false"
                  aria-live="polite"
                  aria-relevant="additions text"
                  class="css-1f43avz-a11yText-A11yText"
                />
                <div
                  class="input default css-13cymwt-control"
                >
                  <div
                    class=" css-3w2yfm-ValueContainer"
                  >
                    <div
                      class=" css-1p3m7a8-multiValue"
                    >
                      <div
                        class=" css-wsp0cs-MultiValueGeneric"
                      >
                        John Doe
                      </div>
                      <div
                        aria-label="Remove John Doe"
                        class=" css-12a83d4-MultiValueRemove"
                        role="button"
                      >
                        <svg
                          aria-hidden="true"
                          class="css-tj5bde-Svg"
                          focusable="false"
                          height="14"
                          viewBox="0 0 20 20"
                          width="14"
                        >
                          <path
                            d="M14.348 14.849c-0.469 0.469-1.229 0.469-1.697 0l-2.651-3.030-2.651 3.029c-0.469 0.469-1.229 0.469-1.697 0-0.469-0.469-0.469-1.229 0-1.697l2.758-3.15-2.759-3.152c-0.469-0.469-0.469-1.228 0-1.697s1.228-0.469 1.697 0l2.652 3.031 2.651-3.031c0.469-0.469 1.228-0.469 1.697 0s0.469 1.229 0 1.697l-2.758 3.152 2.758 3.15c0.469 0.469 0.469 1.229 0 1.698z"
                          />
                        </svg>
                      </div>
                    </div>
                    <div
                      class=" css-qbdosj-Input"
                      data-value=""
                    >
                      <input
                        aria-autocomplete="list"
                        aria-expanded="false"
                        aria-haspopup="true"
                        aria-label="speakers"
                        autocapitalize="none"
                        autocomplete="off"
                        autocorrect="off"
                        class=""
                        id="react-select-2-input"
                        role="combobox"
                        spellcheck="false"
                        style="opacity: 1; width: 100%; grid-area: 1 / 2; min-width: 2px; border: 0px; margin: 0px; outline: 0; padding: 0px;"
                        tabindex="0"
                        type="text"
                        value=""
                      />
                    </div>
                  </div>
                  <div
                    class=" css-1hb7zxy-IndicatorsContainer"
                  >
                    <div
                      aria-hidden="true"
                      class=" css-1xc3v61-indicatorContainer"
                    >
                      <svg
                        aria-hidden="true"
                        class="css-tj5bde-Svg"
                        focusable="false"
                        height="20"
                        viewBox="0 0 20 20"
                        width="20"
                      >
                        <path
                          d="M14.348 14.849c-0.469 0.469-1.229 0.469-1.697 0l-2.651-3.030-2.651 3.029c-0.469 0.469-1.229 0.469-1.697 0-0.469-0.469-0.469-1.229 0-1.697l2.758-3.15-2.759-3.152c-0.469-0.469-0.469-1.228 0-1.697s1.228-0.469 1.697 0l2.652 3.031 2.651-3.031c0.469-0.469 1.228-0.469 1.697 0s0.469 1.229 0 1.697l-2.758 3.152 2.758 3.15c0.469 0.469 0.469 1.229 0 1.698z"
                        />
                      </svg>
                    </div>
                    <span
                      class=" css-1u9des2-indicatorSeparator"
                    />
                    <div
                      aria-hidden="true"
                      class=" css-1xc3v61-indicatorContainer"
                    >
                      <svg
                        aria-hidden="true"
                        class="css-tj5bde-Svg"
                        focusable="false"
                        height="20"
                        viewBox="0 0 20 20"
                        width="20"
                      >
                        <path
                          d="M4.516 7.548c0.436-0.446 1.043-0.481 1.576 0l3.908 3.747 3.908-3.747c0.533-0.481 1.141-0.446 1.574 0 0.436 0.445 0.408 1.197 0 1.615-0.406 0.418-4.695 4.502-4.695 4.502-0.217 0.223-0.502 0.335-0.787 0.335s-0.57-0.112-0.789-0.335c0 0-4.287-4.084-4.695-4.502s-0.436-1.17 0-1.615z"
                        />
                      </svg>
                    </div>
                  </div>
                </div>
                <div>
                  <input
                    name="speakers"
                    type="hidden"
                    value="[object Object]"
                  />
                </div>
              </div>
            </div>
          </div>
          <div
            class="container"
          >
            <label
              class="inputLabel label"
              for="excerpt"
            >
              formFields.meetup.description.label
            </label>
            <div
              class="container"
            >
              <textarea
                class="input default textArea"
                data-testid="text-area"
                id="excerpt"
                name="excerpt"
                rows="1"
                style="height: 2px;"
              >
                Test meetup description
              </textarea>
            </div>
          </div>
        </div>
        <div
          class="textSection actions"
        >
          <button
            class="actionButton cancelBtn button default"
            id="btn-cancel"
            type="button"
          >
            formButtons.cancel
          </button>
          <div
            class="actionsWrapper"
          >
            <button
              class="actionButton previewBtn button secondary"
              id="btn-preview"
              type="button"
            >
              formButtons.preview
            </button>
            <button
              class="actionButton saveBtn button primary"
              disabled=""
              id="btn-save"
              type="submit"
            >
              formButtons.save
            </button>
          </div>
        </div>
      </div>
    </section>
  </form>
</DocumentFragment>
`;
